../Core/Src/motor_control.c:40:10:encode_can_id	16	static
../Core/Src/motor_control.c:45:5:float_to_uint	32	static
../Core/Src/motor_control.c:55:7:uint_to_float	32	static
../Core/Src/motor_control.c:59:6:CAN_Transmit_1	8	static
../Core/Src/motor_control.c:67:6:CAN_Transmit_2	8	static
../Core/Src/motor_control.c:75:6:CAN_Transmit_3	8	static
../Core/Src/motor_control.c:85:6:EnableMotorX	32	static
../Core/Src/motor_control.c:114:6:EnableAllMotor	24	static
../Core/Src/motor_control.c:125:6:DisableMotorX	32	static
../Core/Src/motor_control.c:150:6:DisableAllMotor	24	static
../Core/Src/motor_control.c:198:6:MotorReceiveCommand	56	static
../Core/Src/motor_control.c:234:6:TestMotorReceiveCommand	56	static
../Core/Src/motor_control.c:263:6:MotorResponse	32	static
../Core/Src/motor_control.c:275:9:decode_can_id	24	static
